// Jest Snapshot v1, https://goo.gl/fbAQLP

exports[`bookList it shoud render correctly with specific page 1`] = `
Object {
  "asFragment": [Function],
  "baseElement": <body>
    <div>
      <div
        class="MuiBox-root css-1cjxh5n"
      >
        <div
          class="MuiTypography-root MuiTypography-body1 css-1ubnj4m-MuiTypography-root"
        >
          <h1>
            GG Test: Book List
          </h1>
          <button>
             Click here for data grid access!
          </button>
          <ul
            class="MuiList-root MuiList-padding css-168pop2-MuiList-root"
          >
            <li
              class="MuiDivider-root MuiDivider-fullWidth css-9mgopn-MuiDivider-root"
              role="separator"
            />
          </ul>
        </div>
        <nav
          aria-label="pagination navigation"
          class="MuiPagination-root MuiPagination-text css-1oj2twp-MuiPagination-root"
        >
          <ul
            class="MuiPagination-ul css-wjh20t-MuiPagination-ul"
          >
            <li>
              <button
                aria-label="Go to previous page"
                class="MuiButtonBase-root Mui-disabled MuiPaginationItem-root MuiPaginationItem-sizeMedium MuiPaginationItem-text MuiPaginationItem-circular Mui-disabled MuiPaginationItem-previousNext css-yuzg60-MuiButtonBase-root-MuiPaginationItem-root"
                disabled=""
                tabindex="-1"
                type="button"
              >
                <svg
                  aria-hidden="true"
                  class="MuiSvgIcon-root MuiSvgIcon-fontSizeMedium MuiPaginationItem-icon css-g2z002-MuiSvgIcon-root-MuiPaginationItem-icon"
                  data-testid="NavigateBeforeIcon"
                  focusable="false"
                  viewBox="0 0 24 24"
                >
                  <path
                    d="M15.41 7.41L14 6l-6 6 6 6 1.41-1.41L10.83 12z"
                  />
                </svg>
              </button>
            </li>
            <li>
              <button
                aria-label="Go to next page"
                class="MuiButtonBase-root Mui-disabled MuiPaginationItem-root MuiPaginationItem-sizeMedium MuiPaginationItem-text MuiPaginationItem-circular Mui-disabled MuiPaginationItem-previousNext css-yuzg60-MuiButtonBase-root-MuiPaginationItem-root"
                disabled=""
                tabindex="-1"
                type="button"
              >
                <svg
                  aria-hidden="true"
                  class="MuiSvgIcon-root MuiSvgIcon-fontSizeMedium MuiPaginationItem-icon css-g2z002-MuiSvgIcon-root-MuiPaginationItem-icon"
                  data-testid="NavigateNextIcon"
                  focusable="false"
                  viewBox="0 0 24 24"
                >
                  <path
                    d="M10 6L8.59 7.41 13.17 12l-4.58 4.59L10 18l6-6z"
                  />
                </svg>
              </button>
            </li>
          </ul>
        </nav>
      </div>
    </div>
  </body>,
  "container": <div>
    <div
      class="MuiBox-root css-1cjxh5n"
    >
      <div
        class="MuiTypography-root MuiTypography-body1 css-1ubnj4m-MuiTypography-root"
      >
        <h1>
          GG Test: Book List
        </h1>
        <button>
           Click here for data grid access!
        </button>
        <ul
          class="MuiList-root MuiList-padding css-168pop2-MuiList-root"
        >
          <li
            class="MuiDivider-root MuiDivider-fullWidth css-9mgopn-MuiDivider-root"
            role="separator"
          />
        </ul>
      </div>
      <nav
        aria-label="pagination navigation"
        class="MuiPagination-root MuiPagination-text css-1oj2twp-MuiPagination-root"
      >
        <ul
          class="MuiPagination-ul css-wjh20t-MuiPagination-ul"
        >
          <li>
            <button
              aria-label="Go to previous page"
              class="MuiButtonBase-root Mui-disabled MuiPaginationItem-root MuiPaginationItem-sizeMedium MuiPaginationItem-text MuiPaginationItem-circular Mui-disabled MuiPaginationItem-previousNext css-yuzg60-MuiButtonBase-root-MuiPaginationItem-root"
              disabled=""
              tabindex="-1"
              type="button"
            >
              <svg
                aria-hidden="true"
                class="MuiSvgIcon-root MuiSvgIcon-fontSizeMedium MuiPaginationItem-icon css-g2z002-MuiSvgIcon-root-MuiPaginationItem-icon"
                data-testid="NavigateBeforeIcon"
                focusable="false"
                viewBox="0 0 24 24"
              >
                <path
                  d="M15.41 7.41L14 6l-6 6 6 6 1.41-1.41L10.83 12z"
                />
              </svg>
            </button>
          </li>
          <li>
            <button
              aria-label="Go to next page"
              class="MuiButtonBase-root Mui-disabled MuiPaginationItem-root MuiPaginationItem-sizeMedium MuiPaginationItem-text MuiPaginationItem-circular Mui-disabled MuiPaginationItem-previousNext css-yuzg60-MuiButtonBase-root-MuiPaginationItem-root"
              disabled=""
              tabindex="-1"
              type="button"
            >
              <svg
                aria-hidden="true"
                class="MuiSvgIcon-root MuiSvgIcon-fontSizeMedium MuiPaginationItem-icon css-g2z002-MuiSvgIcon-root-MuiPaginationItem-icon"
                data-testid="NavigateNextIcon"
                focusable="false"
                viewBox="0 0 24 24"
              >
                <path
                  d="M10 6L8.59 7.41 13.17 12l-4.58 4.59L10 18l6-6z"
                />
              </svg>
            </button>
          </li>
        </ul>
      </nav>
    </div>
  </div>,
  "debug": [Function],
  "findAllByAltText": [Function],
  "findAllByDisplayValue": [Function],
  "findAllByLabelText": [Function],
  "findAllByPlaceholderText": [Function],
  "findAllByRole": [Function],
  "findAllByTestId": [Function],
  "findAllByText": [Function],
  "findAllByTitle": [Function],
  "findByAltText": [Function],
  "findByDisplayValue": [Function],
  "findByLabelText": [Function],
  "findByPlaceholderText": [Function],
  "findByRole": [Function],
  "findByTestId": [Function],
  "findByText": [Function],
  "findByTitle": [Function],
  "getAllByAltText": [Function],
  "getAllByDisplayValue": [Function],
  "getAllByLabelText": [Function],
  "getAllByPlaceholderText": [Function],
  "getAllByRole": [Function],
  "getAllByTestId": [Function],
  "getAllByText": [Function],
  "getAllByTitle": [Function],
  "getByAltText": [Function],
  "getByDisplayValue": [Function],
  "getByLabelText": [Function],
  "getByPlaceholderText": [Function],
  "getByRole": [Function],
  "getByTestId": [Function],
  "getByText": [Function],
  "getByTitle": [Function],
  "queryAllByAltText": [Function],
  "queryAllByDisplayValue": [Function],
  "queryAllByLabelText": [Function],
  "queryAllByPlaceholderText": [Function],
  "queryAllByRole": [Function],
  "queryAllByTestId": [Function],
  "queryAllByText": [Function],
  "queryAllByTitle": [Function],
  "queryByAltText": [Function],
  "queryByDisplayValue": [Function],
  "queryByLabelText": [Function],
  "queryByPlaceholderText": [Function],
  "queryByRole": [Function],
  "queryByTestId": [Function],
  "queryByText": [Function],
  "queryByTitle": [Function],
  "rerender": [Function],
  "unmount": [Function],
}
`;

exports[`bookList it should render correctly with loading state 1`] = `
Object {
  "asFragment": [Function],
  "baseElement": <body>
    <div>
      <div
        class="MuiBox-root css-1cjxh5n"
      >
        <div
          class="MuiTypography-root MuiTypography-body1 css-1ubnj4m-MuiTypography-root"
        >
          <h1>
            GG Test: Book List
          </h1>
          <button>
             Click here for data grid access!
          </button>
          <ul
            class="MuiList-root MuiList-padding css-168pop2-MuiList-root"
          >
            <li
              class="MuiDivider-root MuiDivider-fullWidth css-9mgopn-MuiDivider-root"
              role="separator"
            />
          </ul>
        </div>
        <nav
          aria-label="pagination navigation"
          class="MuiPagination-root MuiPagination-text css-1oj2twp-MuiPagination-root"
        >
          <ul
            class="MuiPagination-ul css-wjh20t-MuiPagination-ul"
          >
            <li>
              <button
                aria-label="Go to previous page"
                class="MuiButtonBase-root Mui-disabled MuiPaginationItem-root MuiPaginationItem-sizeMedium MuiPaginationItem-text MuiPaginationItem-circular Mui-disabled MuiPaginationItem-previousNext css-yuzg60-MuiButtonBase-root-MuiPaginationItem-root"
                disabled=""
                tabindex="-1"
                type="button"
              >
                <svg
                  aria-hidden="true"
                  class="MuiSvgIcon-root MuiSvgIcon-fontSizeMedium MuiPaginationItem-icon css-g2z002-MuiSvgIcon-root-MuiPaginationItem-icon"
                  data-testid="NavigateBeforeIcon"
                  focusable="false"
                  viewBox="0 0 24 24"
                >
                  <path
                    d="M15.41 7.41L14 6l-6 6 6 6 1.41-1.41L10.83 12z"
                  />
                </svg>
              </button>
            </li>
            <li>
              <button
                aria-label="Go to next page"
                class="MuiButtonBase-root Mui-disabled MuiPaginationItem-root MuiPaginationItem-sizeMedium MuiPaginationItem-text MuiPaginationItem-circular Mui-disabled MuiPaginationItem-previousNext css-yuzg60-MuiButtonBase-root-MuiPaginationItem-root"
                disabled=""
                tabindex="-1"
                type="button"
              >
                <svg
                  aria-hidden="true"
                  class="MuiSvgIcon-root MuiSvgIcon-fontSizeMedium MuiPaginationItem-icon css-g2z002-MuiSvgIcon-root-MuiPaginationItem-icon"
                  data-testid="NavigateNextIcon"
                  focusable="false"
                  viewBox="0 0 24 24"
                >
                  <path
                    d="M10 6L8.59 7.41 13.17 12l-4.58 4.59L10 18l6-6z"
                  />
                </svg>
              </button>
            </li>
          </ul>
        </nav>
      </div>
    </div>
  </body>,
  "container": <div>
    <div
      class="MuiBox-root css-1cjxh5n"
    >
      <div
        class="MuiTypography-root MuiTypography-body1 css-1ubnj4m-MuiTypography-root"
      >
        <h1>
          GG Test: Book List
        </h1>
        <button>
           Click here for data grid access!
        </button>
        <ul
          class="MuiList-root MuiList-padding css-168pop2-MuiList-root"
        >
          <li
            class="MuiDivider-root MuiDivider-fullWidth css-9mgopn-MuiDivider-root"
            role="separator"
          />
        </ul>
      </div>
      <nav
        aria-label="pagination navigation"
        class="MuiPagination-root MuiPagination-text css-1oj2twp-MuiPagination-root"
      >
        <ul
          class="MuiPagination-ul css-wjh20t-MuiPagination-ul"
        >
          <li>
            <button
              aria-label="Go to previous page"
              class="MuiButtonBase-root Mui-disabled MuiPaginationItem-root MuiPaginationItem-sizeMedium MuiPaginationItem-text MuiPaginationItem-circular Mui-disabled MuiPaginationItem-previousNext css-yuzg60-MuiButtonBase-root-MuiPaginationItem-root"
              disabled=""
              tabindex="-1"
              type="button"
            >
              <svg
                aria-hidden="true"
                class="MuiSvgIcon-root MuiSvgIcon-fontSizeMedium MuiPaginationItem-icon css-g2z002-MuiSvgIcon-root-MuiPaginationItem-icon"
                data-testid="NavigateBeforeIcon"
                focusable="false"
                viewBox="0 0 24 24"
              >
                <path
                  d="M15.41 7.41L14 6l-6 6 6 6 1.41-1.41L10.83 12z"
                />
              </svg>
            </button>
          </li>
          <li>
            <button
              aria-label="Go to next page"
              class="MuiButtonBase-root Mui-disabled MuiPaginationItem-root MuiPaginationItem-sizeMedium MuiPaginationItem-text MuiPaginationItem-circular Mui-disabled MuiPaginationItem-previousNext css-yuzg60-MuiButtonBase-root-MuiPaginationItem-root"
              disabled=""
              tabindex="-1"
              type="button"
            >
              <svg
                aria-hidden="true"
                class="MuiSvgIcon-root MuiSvgIcon-fontSizeMedium MuiPaginationItem-icon css-g2z002-MuiSvgIcon-root-MuiPaginationItem-icon"
                data-testid="NavigateNextIcon"
                focusable="false"
                viewBox="0 0 24 24"
              >
                <path
                  d="M10 6L8.59 7.41 13.17 12l-4.58 4.59L10 18l6-6z"
                />
              </svg>
            </button>
          </li>
        </ul>
      </nav>
    </div>
  </div>,
  "debug": [Function],
  "findAllByAltText": [Function],
  "findAllByDisplayValue": [Function],
  "findAllByLabelText": [Function],
  "findAllByPlaceholderText": [Function],
  "findAllByRole": [Function],
  "findAllByTestId": [Function],
  "findAllByText": [Function],
  "findAllByTitle": [Function],
  "findByAltText": [Function],
  "findByDisplayValue": [Function],
  "findByLabelText": [Function],
  "findByPlaceholderText": [Function],
  "findByRole": [Function],
  "findByTestId": [Function],
  "findByText": [Function],
  "findByTitle": [Function],
  "getAllByAltText": [Function],
  "getAllByDisplayValue": [Function],
  "getAllByLabelText": [Function],
  "getAllByPlaceholderText": [Function],
  "getAllByRole": [Function],
  "getAllByTestId": [Function],
  "getAllByText": [Function],
  "getAllByTitle": [Function],
  "getByAltText": [Function],
  "getByDisplayValue": [Function],
  "getByLabelText": [Function],
  "getByPlaceholderText": [Function],
  "getByRole": [Function],
  "getByTestId": [Function],
  "getByText": [Function],
  "getByTitle": [Function],
  "queryAllByAltText": [Function],
  "queryAllByDisplayValue": [Function],
  "queryAllByLabelText": [Function],
  "queryAllByPlaceholderText": [Function],
  "queryAllByRole": [Function],
  "queryAllByTestId": [Function],
  "queryAllByText": [Function],
  "queryAllByTitle": [Function],
  "queryByAltText": [Function],
  "queryByDisplayValue": [Function],
  "queryByLabelText": [Function],
  "queryByPlaceholderText": [Function],
  "queryByRole": [Function],
  "queryByTestId": [Function],
  "queryByText": [Function],
  "queryByTitle": [Function],
  "rerender": [Function],
  "unmount": [Function],
}
`;
